[1, 2, 4, 7, 5, 3, 6]
[7, 4, 2, 5, 1, 3, 6]
[7, 4, 5, 2, 6, 3, 1]
[1, 2, 3, 4, 5, 6, 7]
