1
2
3
1
2
3
4
4
100
101
102
101
100
200
201
202
201
200
